Solution:
########
#     y#
#     y#
# rr  y 
#      #
#      #
#      #
########

yellow down 3
red right 3
Solution:
########
#ll   y#
#p  b y#
#prrb y 
#p  b  #
#o   ll#
#o aaa #
########

lime right 1
purple up 1
orange up 1
lightblue left 3
yellow down 3
aqua left 2
blue down 2
red right 3
Solution:
########
#l  yyy#
#l  o v#
#rr olv 
#bbb lv#
#  p pp#
#ggpbb #
########

red right 1
lime down 1
yellow left 3
orange up 1
lightblue up 2
purple left 1
violet down 2
red right 3
Solution:
########
#  yllv#
#  yo v#
#rryo v 
#cbbb  #
#cpppg #
#bb pg #
########

violet down 1
lime right 1
orange up 1
green up 3
black right 1
camo down 1
blue left 1
purple up 2
pink right 3
black right 3
purple down 2
orange down 1
lime left 1
violet up 1
blue right 3
yellow down 3
red right 1
camo up 4
red left 1
yellow up 3
blue left 3
violet down 1
lime right 1
orange up 1
purple up 2
pink left 4
black left 4
green down 3
purple down 2
orange down 1
lime left 1
violet up 1
blue right 3
yellow down 3
red right 1
camo down 1
lime left 3
orange up 1
red right 2
yellow up 3
blue left 1
violet down 3
red right 1
Solution:
########
#yvvvll#
#yoll b#
#yorr b 
#aaap b#
#  ppgg#
#bbp   #
########

red right 1
pink down 1
aqua right 1
yellow down 1
violet left 1
lime left 1
blue up 1
aqua right 2
lightblue right 1
purple up 3
aqua left 1
blue down 1
lime right 1
violet right 1
yellow up 1
aqua left 2
pink up 1
black right 4
pink down 1
aqua right 1
yellow down 1
violet left 1
lime left 1
blue up 1
aqua right 2
orange down 3
purple down 3
red left 2
aqua left 1
blue down 1
lime right 1
violet right 1
yellow up 1
aqua left 2
lightblue left 2
pink up 3
aqua right 1
yellow down 1
violet left 1
pink up 1
green left 1
black left 1
blue down 2
red right 3
