+0000000001
+0000000001
+0000000002
+0000000003
+0000000005
+0000000008
+0000000013
+0000000021
+0000000034
+0000000055
+0000000089
+0000000144
+0000000233
+0000000377
+0000000610
+0000000987
+0000001597
+0000002584
+0000004181
+0000006765
+0000010946
+0000017711
+0000028657
+0000046368
+0000075025
+0000196417
+0000392834
+0000392832
+0000392834
+0000196417
+0000062112
+0000000233
